// Jest Snapshot v1, https://goo.gl/fbAQLP

exports[`sipd dist files exports modules correctly 1`] = `
Array [
  "AuthWidget",
  "AuthInput",
  "version",
]
`;
